// Jest Snapshot v1, https://goo.gl/fbAQLP

exports[`pruebas en el componente <GifGridItem /> debe de mostrar <GifGridItem /> correctamente 1`] = `
<div
  className="card animate__animated animate__fadeIn"
>
  <img
    alt="Soy el titulo"
    src="https://localhost.jpg"
  />
  <p>
    Soy el titulo
  </p>
</div>
`;
